******************************************************************************
            TI ARM Clang Linker PC v3.2.2                      
******************************************************************************
>> Linked Wed Sep 11 17:32:50 2024

OUTPUT FILE NAME:   <05_uart.out>
ENTRY POINT SYMBOL: "_c_int00_noargs"  address: 00001f01


MEMORY CONFIGURATION

         name            origin    length      used     unused   attr    fill
----------------------  --------  ---------  --------  --------  ----  --------
  FLASH                 00000000   00020000  00002458  0001dba8  R  X
  SRAM                  20200000   00008000  000002fd  00007d03  RW X
  BCR_CONFIG            41c00000   00000080  00000000  00000080  R   
  BSL_CONFIG            41c00100   00000080  00000000  00000080  R   


SEGMENT ALLOCATION MAP

run origin  load origin   length   init length attrs members
----------  ----------- ---------- ----------- ----- -------
00000000    00000000    00002288   00002288    r-x
  00000000    00000000    000000c0   000000c0    r-- .intvecs
  000000c0    000000c0    000021c8   000021c8    r-x .text
00002290    00002290    000001d0   000001d0    r--
  00002290    00002290    00000190   00000190    r-- .rodata
  00002420    00002420    00000040   00000040    r-- .cinit
20200000    20200000    000000fd   00000000    rw-
  20200000    20200000    000000fd   00000000    rw- .data
20207e00    20207e00    00000200   00000000    rw-
  20207e00    20207e00    00000200   00000000    rw- .stack


SECTION ALLOCATION MAP

 output                                  attributes/
section   page    origin      length       input sections
--------  ----  ----------  ----------   ----------------
.intvecs   0    00000000    000000c0     
                  00000000    000000c0     startup_mspm0g350x_ticlang.o (.intvecs)

.text      0    000000c0    000021c8     
                  000000c0    00000a00     libc.a : _printfi.c.obj (.text:__TI_printfi)
                  00000ac0    00000220            : _printfi.c.obj (.text._pconv_a)
                  00000ce0    000001dc            : _printfi.c.obj (.text._pconv_g)
                  00000ebc    00000192     libclang_rt.builtins.a : adddf3.S.obj (.text.adddf3_subdf3)
                  0000104e    00000002                            : aeabi_div0.c.obj (.text.__aeabi_idiv0)
                  00001050    0000013c     libc.a : _printfi.c.obj (.text.fcvt)
                  0000118c    00000120            : _printfi.c.obj (.text._pconv_e)
                  000012ac    0000010c     libclang_rt.builtins.a : divdf3.S.obj (.text.__divdf3)
                  000013b8    000000e4                            : muldf3.S.obj (.text.__muldf3)
                  0000149c    000000d8     libc.a : s_scalbn.c.obj (.text.scalbn)
                  00001574    000000a2     libclang_rt.builtins.a : udivmoddi4.S.obj (.text)
                  00001616    00000002                            : aeabi_div0.c.obj (.text.__aeabi_ldiv0)
                  00001618    00000078     libc.a : copy_decompress_lzss.c.obj (.text:decompress:lzss)
                  00001690    00000070     libclang_rt.builtins.a : comparedf2.c.obj (.text.__gedf2)
                  00001700    0000006c                            : comparedf2.c.obj (.text.__ledf2)
                  0000176c    00000066     libc.a : _printfi.c.obj (.text._mcpy)
                  000017d2    00000002            : _lock.c.obj (.text._nop)
                  000017d4    00000064     empty.o (.text.main)
                  00001838    00000062     libclang_rt.builtins.a : aeabi_dcmp.S.obj (.text.__aeabi_dcmp)
                  0000189a    00000002     --HOLE-- [fill = 0]
                  0000189c    0000005c     libc.a : s_frexp.c.obj (.text.frexp)
                  000018f8    0000005c            : printf.c.obj (.text.printf)
                  00001954    00000058            : _ltoa.c.obj (.text.__TI_ltoa)
                  000019ac    00000058            : _printfi.c.obj (.text._pconv_f)
                  00001a04    00000056     libclang_rt.builtins.a : aeabi_idivmod.S.obj (.text.__aeabi_idivmod)
                  00001a5a    00000052     libc.a : _printfi.c.obj (.text._ecpy)
                  00001aac    00000050     empty.o (.text.fputs)
                  00001afc    0000004c     ti_msp_dl_config.o (.text.DL_UART_setBaudRateDivisor)
                  00001b48    0000004a     libclang_rt.builtins.a : fixdfsi.S.obj (.text.__fixdfsi)
                  00001b92    00000002     --HOLE-- [fill = 0]
                  00001b94    00000048     driverlib.a : dl_uart.o (.text.DL_UART_init)
                  00001bdc    00000048     ti_msp_dl_config.o (.text.SYSCFG_DL_UART_0_init)
                  00001c24    00000044     ti_msp_dl_config.o (.text.SYSCFG_DL_initPower)
                  00001c68    00000040     libclang_rt.builtins.a : aeabi_uidivmod.S.obj (.text.__aeabi_uidivmod)
                  00001ca8    00000040     libc.a : atoi.c.obj (.text.atoi)
                  00001ce8    0000003c     empty.o (.text.uart0_send_string)
                  00001d24    0000003c     libc.a : autoinit.c.obj (.text:__TI_auto_init_nobinit_nopinit)
                  00001d60    0000003a     libclang_rt.builtins.a : muldsi3.S.obj (.text.__muldsi3)
                  00001d9a    00000002     --HOLE-- [fill = 0]
                  00001d9c    00000030     empty.o (.text.UART0_IRQHandler)
                  00001dcc    00000030     libc.a : _printfi.c.obj (.text._fcpy)
                  00001dfc    0000002c     empty.o (.text.__NVIC_ClearPendingIRQ)
                  00001e28    0000002c     empty.o (.text.__NVIC_EnableIRQ)
                  00001e54    0000002c     libclang_rt.builtins.a : floatsidf.S.obj (.text.__floatsidf)
                  00001e80    0000002c     empty.o (.text.fputc)
                  00001eac    0000002c     empty.o (.text.uart0_send_char)
                  00001ed8    00000028     ti_msp_dl_config.o (.text.DL_Common_updateReg)
                  00001f00    00000028     libc.a : boot_cortex_m.c.obj (.text:_c_int00_noargs)
                  00001f28    00000024     libclang_rt.builtins.a : muldi3.S.obj (.text.__muldi3)
                  00001f4c    00000022     ti_msp_dl_config.o (.text.SYSCFG_DL_SYSCTL_init)
                  00001f6e    00000022     libc.a : memccpy.c.obj (.text.memccpy)
                  00001f90    00000020     ti_msp_dl_config.o (.text.DL_GPIO_initPeripheralInputFunction)
                  00001fb0    0000001e     ti_msp_dl_config.o (.text.DL_UART_setOversampling)
                  00001fce    00000002     --HOLE-- [fill = 0]
                  00001fd0    0000001e     libclang_rt.builtins.a : ashldi3.S.obj (.text.__ashldi3)
                  00001fee    00000002     --HOLE-- [fill = 0]
                  00001ff0    0000001c     ti_msp_dl_config.o (.text.DL_GPIO_initPeripheralOutputFunction)
                  0000200c    0000001c     ti_msp_dl_config.o (.text.DL_SYSCTL_setSYSOSCFreq)
                  00002028    0000001c     ti_msp_dl_config.o (.text.DL_UART_enableInterrupt)
                  00002044    0000001a     ti_msp_dl_config.o (.text.SYSCFG_DL_GPIO_init)
                  0000205e    00000002     --HOLE-- [fill = 0]
                  00002060    00000018     ti_msp_dl_config.o (.text.DL_GPIO_enablePower)
                  00002078    00000018     ti_msp_dl_config.o (.text.DL_GPIO_reset)
                  00002090    00000018     ti_msp_dl_config.o (.text.DL_SYSCTL_setBORThreshold)
                  000020a8    00000018     ti_msp_dl_config.o (.text.DL_UART_enablePower)
                  000020c0    00000018     empty.o (.text.DL_UART_isBusy)
                  000020d8    00000018     ti_msp_dl_config.o (.text.DL_UART_reset)
                  000020f0    00000016     ti_msp_dl_config.o (.text.DL_UART_enable)
                  00002106    00000016     empty.o (.text.DL_UART_transmitData)
                  0000211c    00000014     ti_msp_dl_config.o (.text.DL_SYSCTL_disableSYSPLL)
                  00002130    00000014     ti_msp_dl_config.o (.text.DL_SYSCTL_enableMFCLK)
                  00002144    00000014     empty.o (.text.DL_UART_receiveData)
                  00002158    00000014     ti_msp_dl_config.o (.text.SYSCFG_DL_init)
                  0000216c    00000014     libclang_rt.builtins.a : aeabi_uldivmod.S.obj (.text.__aeabi_uldivmod)
                  00002180    00000014     libc.a : _printfi.c.obj (.text.strchr)
                  00002194    00000012     empty.o (.text.DL_UART_getPendingInterrupt)
                  000021a6    00000012     driverlib.a : dl_uart.o (.text.DL_UART_setClockConfig)
                  000021b8    00000012     libc.a : memcpy16.S.obj (.text:TI_memcpy_small)
                  000021ca    00000012            : copy_decompress_none.c.obj (.text:decompress:none)
                  000021dc    00000010     ti_msp_dl_config.o (.text.DL_SYSCTL_disableHFXT)
                  000021ec    00000010     libc.a : wcslen.c.obj (.text.wcslen)
                  000021fc    0000000e     libclang_rt.builtins.a : aeabi_memset.S.obj (.text.__aeabi_memset)
                  0000220a    0000000e     libc.a : _printfi.c.obj (.text.strlen)
                  00002218    0000000e            : memset16.S.obj (.text:TI_memset_small)
                  00002226    0000000a     driverlib.a : dl_common.o (.text.DL_Common_delayCycles)
                  00002230    0000000a     libc.a : _printfi.c.obj (.text.OUTLINED_FUNCTION_0)
                  0000223a    00000002     --HOLE-- [fill = 0]
                  0000223c    00000010     libclang_rt.builtins.a : adddf3.S.obj (.tramp.__aeabi_dsub.1)
                  0000224c    0000000a     libc.a : _printfi.c.obj (.text.OUTLINED_FUNCTION_1)
                  00002256    00000002     --HOLE-- [fill = 0]
                  00002258    00000008            : aeabi_portable.c.obj (.text.__aeabi_errno_addr)
                  00002260    00000008     libclang_rt.builtins.a : aeabi_memcpy.S.obj (.text.__aeabi_memcpy)
                  00002268    00000008     libc.a : printf.c.obj (.text._outc)
                  00002270    00000008            : printf.c.obj (.text._outs)
                  00002278    00000004     startup_mspm0g350x_ticlang.o (.text.Default_Handler)
                  0000227c    00000004     startup_mspm0g350x_ticlang.o (.text.Reset_Handler)
                  00002280    00000004     libc.a : pre_init.c.obj (.text._system_pre_init)
                  00002284    00000004            : exit.c.obj (.text:abort)

.cinit     0    00002420    00000040     
                  00002420    0000002b     (.cinit..data.load) [load image, compression = lzss]
                  0000244b    00000001     --HOLE-- [fill = 0]
                  0000244c    00000008     (__TI_handler_table)
                  00002454    00000008     (__TI_cinit_table)
                  0000245c    00000004     --HOLE-- [fill = 0]

.rodata    0    00002290    00000190     
                  00002290    00000101     libc.a : aeabi_ctype.S.obj (.rodata:__aeabi_ctype_table_)
                  00002391    0000002b     empty.o (.rodata.str1.92454112862644078121)
                  000023bc    00000015     empty.o (.rodata.str1.7130503275715014631)
                  000023d1    00000013     empty.o (.rodata.str1.162906114796922795351)
                  000023e4    00000011     libc.a : _printfi.c.obj (.rodata.str1.11645776875810915891)
                  000023f5    00000011            : _printfi.c.obj (.rodata.str1.44690500295887128011)
                  00002406    0000000a     ti_msp_dl_config.o (.rodata.gUART_0Config)
                  00002410    00000002     ti_msp_dl_config.o (.rodata.gUART_0ClockConfig)
                  00002412    0000000e     --HOLE-- [fill = 0]

.init_array 
*          0    00000000    00000000     UNINITIALIZED

.binit     0    00000000    00000000     

.data      0    20200000    000000fd     UNINITIALIZED
                  20200000    000000f0     libc.a : defs.c.obj (.data._ftable)
                  202000f0    00000004            : aeabi_portable.c.obj (.data.__aeabi_errno)
                  202000f4    00000004            : _lock.c.obj (.data._lock)
                  202000f8    00000004            : _lock.c.obj (.data._unlock)
                  202000fc    00000001     empty.o (.data.uart_data)

.stack     0    20207e00    00000200     UNINITIALIZED
                  20207e00    00000004     libc.a : boot_cortex_m.c.obj (.stack)
                  20207e04    000001fc     --HOLE--

__llvm_prf_cnts 
*          0    20200000    00000000     UNINITIALIZED

__llvm_prf_bits 
*          0    20200000    00000000     UNINITIALIZED

MODULE SUMMARY

       Module                         code   ro data   rw data
       ------                         ----   -------   -------
    .\
       ti_msp_dl_config.o             680    12        0      
       empty.o                        548    83        1      
       startup_mspm0g350x_ticlang.o   8      192       0      
    +--+------------------------------+------+---------+---------+
       Total:                         1236   287       1      
                                                              
    D:/TI/M0_SDK/mspm0_sdk_2_01_00_03/source/ti/driverlib/lib/ticlang/m0p/mspm0g1x0x_g3x0x/driverlib.a
       dl_uart.o                      90     0         0      
       dl_common.o                    10     0         0      
    +--+------------------------------+------+---------+---------+
       Total:                         100    0         0      
                                                              
    D:\TI\CCS\ccs\tools\compiler\ti-cgt-armllvm_3.2.2.LTS\lib\armv6m-ti-none-eabi/c/libc.a
       _printfi.c.obj                 4558   34        0      
       aeabi_ctype.S.obj              0      257       0      
       defs.c.obj                     0      0         240    
       s_scalbn.c.obj                 216    0         0      
       copy_decompress_lzss.c.obj     120    0         0      
       printf.c.obj                   108    0         0      
       s_frexp.c.obj                  92     0         0      
       _ltoa.c.obj                    88     0         0      
       atoi.c.obj                     64     0         0      
       autoinit.c.obj                 60     0         0      
       boot_cortex_m.c.obj            40     0         0      
       memccpy.c.obj                  34     0         0      
       copy_decompress_none.c.obj     18     0         0      
       memcpy16.S.obj                 18     0         0      
       wcslen.c.obj                   16     0         0      
       memset16.S.obj                 14     0         0      
       aeabi_portable.c.obj           8      0         4      
       _lock.c.obj                    2      0         8      
       exit.c.obj                     4      0         0      
       pre_init.c.obj                 4      0         0      
    +--+------------------------------+------+---------+---------+
       Total:                         5464   291       252    
                                                              
    D:\TI\CCS\ccs\tools\compiler\ti-cgt-armllvm_3.2.2.LTS\lib\clang/15.0.7/lib/armv6m-ti-none-eabi/libclang_rt.builtins.a
       adddf3.S.obj                   418    0         0      
       divdf3.S.obj                   268    0         0      
       muldf3.S.obj                   228    0         0      
       comparedf2.c.obj               220    0         0      
       udivmoddi4.S.obj               162    0         0      
       aeabi_dcmp.S.obj               98     0         0      
       aeabi_idivmod.S.obj            86     0         0      
       fixdfsi.S.obj                  74     0         0      
       aeabi_uidivmod.S.obj           64     0         0      
       muldsi3.S.obj                  58     0         0      
       floatsidf.S.obj                44     0         0      
       muldi3.S.obj                   36     0         0      
       ashldi3.S.obj                  30     0         0      
       aeabi_uldivmod.S.obj           20     0         0      
       aeabi_memset.S.obj             14     0         0      
       aeabi_memcpy.S.obj             8      0         0      
       aeabi_div0.c.obj               4      0         0      
    +--+------------------------------+------+---------+---------+
       Total:                         1832   0         0      
                                                              
       Stack:                         0      0         512    
       Linker Generated:              0      59        0      
    +--+------------------------------+------+---------+---------+
       Grand Total:                   8632   637       765    


LINKER GENERATED COPY TABLES

__TI_cinit_table @ 00002454 records: 1, size/record: 8, table size: 8
	.data: load addr=00002420, load size=0000002b bytes, run addr=20200000, run size=000000fd bytes, compression=lzss


LINKER GENERATED HANDLER TABLE

__TI_handler_table @ 0000244c records: 2, size/record: 4, table size: 8
	index: 0, handler: __TI_decompress_lzss
	index: 1, handler: __TI_decompress_none


FAR CALL TRAMPOLINES

callee name               trampoline name
   callee addr  tramp addr   call addr  call info
--------------  -----------  ---------  ----------------
__aeabi_dsub              $Tramp$TT$L$PI$$__aeabi_dsub
   00000ebd     0000223c     00002238   libc.a : _printfi.c.obj (.text.OUTLINED_FUNCTION_0)

[1 trampolines]
[1 trampoline calls]


GLOBAL SYMBOLS: SORTED ALPHABETICALLY BY Name 

address   name                          
-------   ----                          
00002279  ADC0_IRQHandler               
00002279  ADC1_IRQHandler               
00002279  AES_IRQHandler                
00002284  C$$EXIT                       
00002279  CANFD0_IRQHandler             
00002279  DAC0_IRQHandler               
00002227  DL_Common_delayCycles         
00001b95  DL_UART_init                  
000021a7  DL_UART_setClockConfig        
00002279  DMA_IRQHandler                
00002279  Default_Handler               
00002279  GROUP0_IRQHandler             
00002279  GROUP1_IRQHandler             
00002279  HardFault_Handler             
00002279  I2C0_IRQHandler               
00002279  I2C1_IRQHandler               
00002279  NMI_Handler                   
00002279  PendSV_Handler                
00002279  RTC_IRQHandler                
0000227d  Reset_Handler                 
00002279  SPI0_IRQHandler               
00002279  SPI1_IRQHandler               
00002279  SVC_Handler                   
00002045  SYSCFG_DL_GPIO_init           
00001f4d  SYSCFG_DL_SYSCTL_init         
00001bdd  SYSCFG_DL_UART_0_init         
00002159  SYSCFG_DL_init                
00001c25  SYSCFG_DL_initPower           
00002279  SysTick_Handler               
00002279  TIMA0_IRQHandler              
00002279  TIMA1_IRQHandler              
00002279  TIMG0_IRQHandler              
00002279  TIMG12_IRQHandler             
00002279  TIMG6_IRQHandler              
00002279  TIMG7_IRQHandler              
00002279  TIMG8_IRQHandler              
000021b9  TI_memcpy_small               
00002219  TI_memset_small               
00001d9d  UART0_IRQHandler              
00002279  UART1_IRQHandler              
00002279  UART2_IRQHandler              
00002279  UART3_IRQHandler              
20208000  __STACK_END                   
00000200  __STACK_SIZE                  
00000000  __TI_ATRegion0_region_sz      
00000000  __TI_ATRegion0_src_addr       
00000000  __TI_ATRegion0_trg_addr       
00000000  __TI_ATRegion1_region_sz      
00000000  __TI_ATRegion1_src_addr       
00000000  __TI_ATRegion1_trg_addr       
00000000  __TI_ATRegion2_region_sz      
00000000  __TI_ATRegion2_src_addr       
00000000  __TI_ATRegion2_trg_addr       
00002454  __TI_CINIT_Base               
0000245c  __TI_CINIT_Limit              
0000245c  __TI_CINIT_Warm               
0000244c  __TI_Handler_Table_Base       
00002454  __TI_Handler_Table_Limit      
00001d25  __TI_auto_init_nobinit_nopinit
00001619  __TI_decompress_lzss          
000021cb  __TI_decompress_none          
00001955  __TI_ltoa                     
ffffffff  __TI_pprof_out_hndl           
000000c1  __TI_printfi                  
ffffffff  __TI_prof_data_size           
ffffffff  __TI_prof_data_start          
00000000  __TI_static_base__            
00000ec7  __adddf3                      
00002290  __aeabi_ctype_table_          
00002290  __aeabi_ctype_table_C         
00001b49  __aeabi_d2iz                  
00000ec7  __aeabi_dadd                  
00001839  __aeabi_dcmpeq                
00001875  __aeabi_dcmpge                
00001889  __aeabi_dcmpgt                
00001861  __aeabi_dcmple                
0000184d  __aeabi_dcmplt                
000012ad  __aeabi_ddiv                  
000013b9  __aeabi_dmul                  
00000ebd  __aeabi_dsub                  
202000f0  __aeabi_errno                 
00002259  __aeabi_errno_addr            
00001e55  __aeabi_i2d                   
00001a05  __aeabi_idiv                  
0000104f  __aeabi_idiv0                 
00001a05  __aeabi_idivmod               
00001617  __aeabi_ldiv0                 
00001fd1  __aeabi_llsl                  
00001f29  __aeabi_lmul                  
00002261  __aeabi_memcpy                
00002261  __aeabi_memcpy4               
00002261  __aeabi_memcpy8               
000021fd  __aeabi_memset                
000021fd  __aeabi_memset4               
000021fd  __aeabi_memset8               
00001c69  __aeabi_uidiv                 
00001c69  __aeabi_uidivmod              
0000216d  __aeabi_uldivmod              
00001fd1  __ashldi3                     
ffffffff  __binit__                     
00001701  __cmpdf2                      
000012ad  __divdf3                      
00001701  __eqdf2                       
00001b49  __fixdfsi                     
00001e55  __floatsidf                   
00001691  __gedf2                       
00001691  __gtdf2                       
00001701  __ledf2                       
00001701  __ltdf2                       
UNDEFED   __mpu_init                    
000013b9  __muldf3                      
00001f29  __muldi3                      
00001d61  __muldsi3                     
00001701  __nedf2                       
20207e00  __stack                       
20200000  __start___llvm_prf_bits       
20200000  __start___llvm_prf_cnts       
20200000  __stop___llvm_prf_bits        
20200000  __stop___llvm_prf_cnts        
00000ebd  __subdf3                      
00001575  __udivmoddi4                  
00001f01  _c_int00_noargs               
20200000  _ftable                       
202000f4  _lock                         
000017d3  _nop                          
UNDEFED   _system_post_cinit            
00002281  _system_pre_init              
202000f8  _unlock                       
00002285  abort                         
00001ca9  atoi                          
ffffffff  binit                         
00001e81  fputc                         
00001aad  fputs                         
0000189d  frexp                         
0000189d  frexpl                        
00000000  interruptVectors              
0000149d  ldexp                         
0000149d  ldexpl                        
000017d5  main                          
00001f6f  memccpy                       
000018f9  printf                        
0000149d  scalbn                        
0000149d  scalbnl                       
00001ead  uart0_send_char               
00001ce9  uart0_send_string             
202000fc  uart_data                     
000021ed  wcslen                        


GLOBAL SYMBOLS: SORTED BY Symbol Address 

address   name                          
-------   ----                          
00000000  __TI_ATRegion0_region_sz      
00000000  __TI_ATRegion0_src_addr       
00000000  __TI_ATRegion0_trg_addr       
00000000  __TI_ATRegion1_region_sz      
00000000  __TI_ATRegion1_src_addr       
00000000  __TI_ATRegion1_trg_addr       
00000000  __TI_ATRegion2_region_sz      
00000000  __TI_ATRegion2_src_addr       
00000000  __TI_ATRegion2_trg_addr       
00000000  __TI_static_base__            
00000000  interruptVectors              
000000c1  __TI_printfi                  
00000200  __STACK_SIZE                  
00000ebd  __aeabi_dsub                  
00000ebd  __subdf3                      
00000ec7  __adddf3                      
00000ec7  __aeabi_dadd                  
0000104f  __aeabi_idiv0                 
000012ad  __aeabi_ddiv                  
000012ad  __divdf3                      
000013b9  __aeabi_dmul                  
000013b9  __muldf3                      
0000149d  ldexp                         
0000149d  ldexpl                        
0000149d  scalbn                        
0000149d  scalbnl                       
00001575  __udivmoddi4                  
00001617  __aeabi_ldiv0                 
00001619  __TI_decompress_lzss          
00001691  __gedf2                       
00001691  __gtdf2                       
00001701  __cmpdf2                      
00001701  __eqdf2                       
00001701  __ledf2                       
00001701  __ltdf2                       
00001701  __nedf2                       
000017d3  _nop                          
000017d5  main                          
00001839  __aeabi_dcmpeq                
0000184d  __aeabi_dcmplt                
00001861  __aeabi_dcmple                
00001875  __aeabi_dcmpge                
00001889  __aeabi_dcmpgt                
0000189d  frexp                         
0000189d  frexpl                        
000018f9  printf                        
00001955  __TI_ltoa                     
00001a05  __aeabi_idiv                  
00001a05  __aeabi_idivmod               
00001aad  fputs                         
00001b49  __aeabi_d2iz                  
00001b49  __fixdfsi                     
00001b95  DL_UART_init                  
00001bdd  SYSCFG_DL_UART_0_init         
00001c25  SYSCFG_DL_initPower           
00001c69  __aeabi_uidiv                 
00001c69  __aeabi_uidivmod              
00001ca9  atoi                          
00001ce9  uart0_send_string             
00001d25  __TI_auto_init_nobinit_nopinit
00001d61  __muldsi3                     
00001d9d  UART0_IRQHandler              
00001e55  __aeabi_i2d                   
00001e55  __floatsidf                   
00001e81  fputc                         
00001ead  uart0_send_char               
00001f01  _c_int00_noargs               
00001f29  __aeabi_lmul                  
00001f29  __muldi3                      
00001f4d  SYSCFG_DL_SYSCTL_init         
00001f6f  memccpy                       
00001fd1  __aeabi_llsl                  
00001fd1  __ashldi3                     
00002045  SYSCFG_DL_GPIO_init           
00002159  SYSCFG_DL_init                
0000216d  __aeabi_uldivmod              
000021a7  DL_UART_setClockConfig        
000021b9  TI_memcpy_small               
000021cb  __TI_decompress_none          
000021ed  wcslen                        
000021fd  __aeabi_memset                
000021fd  __aeabi_memset4               
000021fd  __aeabi_memset8               
00002219  TI_memset_small               
00002227  DL_Common_delayCycles         
00002259  __aeabi_errno_addr            
00002261  __aeabi_memcpy                
00002261  __aeabi_memcpy4               
00002261  __aeabi_memcpy8               
00002279  ADC0_IRQHandler               
00002279  ADC1_IRQHandler               
00002279  AES_IRQHandler                
00002279  CANFD0_IRQHandler             
00002279  DAC0_IRQHandler               
00002279  DMA_IRQHandler                
00002279  Default_Handler               
00002279  GROUP0_IRQHandler             
00002279  GROUP1_IRQHandler             
00002279  HardFault_Handler             
00002279  I2C0_IRQHandler               
00002279  I2C1_IRQHandler               
00002279  NMI_Handler                   
00002279  PendSV_Handler                
00002279  RTC_IRQHandler                
00002279  SPI0_IRQHandler               
00002279  SPI1_IRQHandler               
00002279  SVC_Handler                   
00002279  SysTick_Handler               
00002279  TIMA0_IRQHandler              
00002279  TIMA1_IRQHandler              
00002279  TIMG0_IRQHandler              
00002279  TIMG12_IRQHandler             
00002279  TIMG6_IRQHandler              
00002279  TIMG7_IRQHandler              
00002279  TIMG8_IRQHandler              
00002279  UART1_IRQHandler              
00002279  UART2_IRQHandler              
00002279  UART3_IRQHandler              
0000227d  Reset_Handler                 
00002281  _system_pre_init              
00002284  C$$EXIT                       
00002285  abort                         
00002290  __aeabi_ctype_table_          
00002290  __aeabi_ctype_table_C         
0000244c  __TI_Handler_Table_Base       
00002454  __TI_CINIT_Base               
00002454  __TI_Handler_Table_Limit      
0000245c  __TI_CINIT_Limit              
0000245c  __TI_CINIT_Warm               
20200000  __start___llvm_prf_bits       
20200000  __start___llvm_prf_cnts       
20200000  __stop___llvm_prf_bits        
20200000  __stop___llvm_prf_cnts        
20200000  _ftable                       
202000f0  __aeabi_errno                 
202000f4  _lock                         
202000f8  _unlock                       
202000fc  uart_data                     
20207e00  __stack                       
20208000  __STACK_END                   
ffffffff  __TI_pprof_out_hndl           
ffffffff  __TI_prof_data_size           
ffffffff  __TI_prof_data_start          
ffffffff  __binit__                     
ffffffff  binit                         
UNDEFED   __mpu_init                    
UNDEFED   _system_post_cinit            

[147 symbols]
