******************************************************************************
            TI ARM Clang Linker PC v3.2.2                      
******************************************************************************
>> Linked Mon Sep  9 16:14:19 2024

OUTPUT FILE NAME:   <08_adc.out>
ENTRY POINT SYMBOL: "_c_int00_noargs"  address: 00002111


MEMORY CONFIGURATION

         name            origin    length      used     unused   attr    fill
----------------------  --------  ---------  --------  --------  ----  --------
  FLASH                 00000000   00020000  000024b0  0001db50  R  X
  SRAM                  20200000   00008000  00000605  000079fb  RW X
  BCR_CONFIG            41c00000   00000080  00000000  00000080  R   
  BSL_CONFIG            41c00100   00000080  00000000  00000080  R   


SEGMENT ALLOCATION MAP

run origin  load origin   length   init length attrs members
----------  ----------- ---------- ----------- ----- -------
00000000    00000000    000024b0   000024b0    r-x
  00000000    00000000    000000c0   000000c0    r-- .intvecs
  000000c0    000000c0    00002250   00002250    r-x .text
  00002310    00002310    00000170   00000170    r-- .rodata
  00002480    00002480    00000030   00000030    r-- .cinit
20200000    20200000    00000405   00000000    rw-
  20200000    20200000    00000400   00000000    rw- .sysmem
  20200400    20200400    00000004   00000000    rw- .data
  20200404    20200404    00000001   00000000    rw- .bss
20207e00    20207e00    00000200   00000000    rw-
  20207e00    20207e00    00000200   00000000    rw- .stack


SECTION ALLOCATION MAP

 output                                  attributes/
section   page    origin      length       input sections
--------  ----  ----------  ----------   ----------------
.intvecs   0    00000000    000000c0     
                  00000000    000000c0     startup_mspm0g350x_ticlang.o (.intvecs)

.text      0    000000c0    00002250     
                  000000c0    00000a00     libc.a : _printfi.c.obj (.text:__TI_printfi)
                  00000ac0    00000220            : _printfi.c.obj (.text._pconv_a)
                  00000ce0    000001dc            : _printfi.c.obj (.text._pconv_g)
                  00000ebc    000001d4     empty.o (.text.main)
                  00001090    00000192     libclang_rt.builtins.a : adddf3.S.obj (.text.adddf3_subdf3)
                  00001222    00000002     startup_mspm0g350x_ticlang.o (.text.Default_Handler)
                  00001224    0000013c     libc.a : _printfi.c.obj (.text.fcvt)
                  00001360    00000120            : _printfi.c.obj (.text._pconv_e)
                  00001480    0000010c     libclang_rt.builtins.a : divdf3.S.obj (.text.__divdf3)
                  0000158c    000000e4                            : muldf3.S.obj (.text.__muldf3)
                  00001670    000000d8     libc.a : s_scalbn.c.obj (.text.scalbn)
                  00001748    000000a2     libclang_rt.builtins.a : udivmoddi4.S.obj (.text)
                  000017ea    0000009a     libc.a : memcpy16.S.obj (.text:memcpy)
                  00001884    00000078            : copy_decompress_lzss.c.obj (.text:decompress:lzss)
                  000018fc    00000004            : pre_init.c.obj (.text._system_pre_init)
                  00001900    00000074     libclang_rt.builtins.a : truncdfsf2.S.obj (.text.__truncdfsf2)
                  00001974    00000070                            : comparedf2.c.obj (.text.__gedf2)
                  000019e4    0000006c                            : comparedf2.c.obj (.text.__ledf2)
                  00001a50    00000066     libc.a : _printfi.c.obj (.text._mcpy)
                  00001ab6    00000002     libclang_rt.builtins.a : aeabi_div0.c.obj (.text.__aeabi_idiv0)
                  00001ab8    00000062                            : aeabi_dcmp.S.obj (.text.__aeabi_dcmp)
                  00001b1a    00000062     libc.a : memset16.S.obj (.text:memset)
                  00001b7c    00000060     ti_msp_dl_config.o (.text.SYSCFG_DL_ADC_VOLTAGE_init)
                  00001bdc    00000060     ti_msp_dl_config.o (.text.SYSCFG_DL_UART_0_init)
                  00001c3c    0000005c     libc.a : s_frexp.c.obj (.text.frexp)
                  00001c98    00000058            : _ltoa.c.obj (.text.__TI_ltoa)
                  00001cf0    00000058            : _printfi.c.obj (.text._pconv_f)
                  00001d48    00000056     libclang_rt.builtins.a : aeabi_idivmod.S.obj (.text.__aeabi_idivmod)
                  00001d9e    00000052     libc.a : _printfi.c.obj (.text._ecpy)
                  00001df0    0000004a     libclang_rt.builtins.a : fixdfsi.S.obj (.text.__fixdfsi)
                  00001e3a    00000002                            : aeabi_div0.c.obj (.text.__aeabi_ldiv0)
                  00001e3c    00000048     driverlib.a : dl_uart.o (.text.DL_UART_init)
                  00001e84    00000040                 : dl_adc12.o (.text.DL_ADC12_setClockConfig)
                  00001ec4    00000040     ti_msp_dl_config.o (.text.SYSCFG_DL_SYSCTL_init)
                  00001f04    00000040     ti_msp_dl_config.o (.text.SYSCFG_DL_initPower)
                  00001f44    00000040     libclang_rt.builtins.a : aeabi_uidivmod.S.obj (.text.__aeabi_uidivmod)
                  00001f84    00000040                            : extendsfdf2.S.obj (.text.__extendsfdf2)
                  00001fc4    00000040     libc.a : atoi.c.obj (.text.atoi)
                  00002004    0000003c            : autoinit.c.obj (.text:__TI_auto_init_nobinit_nopinit)
                  00002040    0000003a     libclang_rt.builtins.a : muldsi3.S.obj (.text.__muldsi3)
                  0000207a    00000002     --HOLE-- [fill = 0]
                  0000207c    00000038     libc.a : sprintf.c.obj (.text.sprintf)
                  000020b4    00000030            : _printfi.c.obj (.text._fcpy)
                  000020e4    0000002c     libclang_rt.builtins.a : floatsidf.S.obj (.text.__floatsidf)
                  00002110    00000028     libc.a : boot_cortex_m.c.obj (.text:_c_int00_noargs)
                  00002138    00000024     libclang_rt.builtins.a : floatunsidf.S.obj (.text.__floatunsidf)
                  0000215c    00000024                            : muldi3.S.obj (.text.__muldi3)
                  00002180    00000022     libc.a : memccpy.c.obj (.text.memccpy)
                  000021a2    00000002     --HOLE-- [fill = 0]
                  000021a4    0000001e     libclang_rt.builtins.a : ashldi3.S.obj (.text.__ashldi3)
                  000021c2    00000002     --HOLE-- [fill = 0]
                  000021c4    0000001c     empty.o (.text.ADC0_IRQHandler)
                  000021e0    00000018     ti_msp_dl_config.o (.text.SYSCFG_DL_init)
                  000021f8    00000018     libc.a : sprintf.c.obj (.text._outs)
                  00002210    00000016            : copy_zero_init.c.obj (.text:decompress:ZI:__TI_zero_init_nomemset)
                  00002226    00000002     --HOLE-- [fill = 0]
                  00002228    00000014     ti_msp_dl_config.o (.text.SYSCFG_DL_GPIO_init)
                  0000223c    00000014     libclang_rt.builtins.a : aeabi_uldivmod.S.obj (.text.__aeabi_uldivmod)
                  00002250    00000014     libc.a : _printfi.c.obj (.text.strchr)
                  00002264    00000012     driverlib.a : dl_uart.o (.text.DL_UART_setClockConfig)
                  00002276    00000012     libc.a : copy_decompress_none.c.obj (.text:decompress:none)
                  00002288    00000010            : wcslen.c.obj (.text.wcslen)
                  00002298    0000000e     libclang_rt.builtins.a : aeabi_memset.S.obj (.text.__aeabi_memset)
                  000022a6    0000000e     libc.a : _printfi.c.obj (.text.strlen)
                  000022b4    0000000c     libclang_rt.builtins.a : aeabi_memset.S.obj (.text.__aeabi_memclr)
                  000022c0    0000000a     driverlib.a : dl_common.o (.text.DL_Common_delayCycles)
                  000022ca    0000000a     libc.a : _printfi.c.obj (.text.OUTLINED_FUNCTION_0)
                  000022d4    00000010     libclang_rt.builtins.a : adddf3.S.obj (.tramp.__aeabi_dsub.1)
                  000022e4    0000000a     libc.a : _printfi.c.obj (.text.OUTLINED_FUNCTION_1)
                  000022ee    0000000a            : sprintf.c.obj (.text._outc)
                  000022f8    00000008            : aeabi_portable.c.obj (.text.__aeabi_errno_addr)
                  00002300    00000008     libclang_rt.builtins.a : aeabi_memcpy.S.obj (.text.__aeabi_memcpy)
                  00002308    00000004     startup_mspm0g350x_ticlang.o (.text.Reset_Handler)
                  0000230c    00000004     libc.a : exit.c.obj (.text:abort)

.cinit     0    00002480    00000030     
                  00002480    0000000c     (__TI_handler_table)
                  0000248c    00000008     (.cinit..bss.load) [load image, compression = zero_init]
                  00002494    00000007     (.cinit..data.load) [load image, compression = lzss]
                  0000249b    00000001     --HOLE-- [fill = 0]
                  0000249c    00000010     (__TI_cinit_table)
                  000024ac    00000004     --HOLE-- [fill = 0]

.rodata    0    00002310    00000170     
                  00002310    00000101     libc.a : aeabi_ctype.S.obj (.rodata:__aeabi_ctype_table_)
                  00002411    00000015     empty.o (.rodata.str1.7130503275715014631)
                  00002426    00000011     libc.a : _printfi.c.obj (.rodata.str1.11645776875810915891)
                  00002437    00000011     empty.o (.rodata.str1.162906114796922795351)
                  00002448    00000011     libc.a : _printfi.c.obj (.rodata.str1.44690500295887128011)
                  00002459    0000000f     empty.o (.rodata.str1.92454112862644078121)
                  00002468    0000000a     ti_msp_dl_config.o (.rodata.gUART_0Config)
                  00002472    00000002     ti_msp_dl_config.o (.rodata.gUART_0ClockConfig)
                  00002474    00000008     ti_msp_dl_config.o (.rodata.gADC_VOLTAGEClockConfig)
                  0000247c    00000004     --HOLE-- [fill = 0]

.init_array 
*          0    00000000    00000000     UNINITIALIZED

.binit     0    00000000    00000000     

.sysmem    0    20200000    00000400     UNINITIALIZED
                  20200000    00000010     libc.a : memory.c.obj (.sysmem)
                  20200010    000003f0     --HOLE--

.data      0    20200400    00000004     UNINITIALIZED
                  20200400    00000004     libc.a : aeabi_portable.c.obj (.data.__aeabi_errno)

.bss       0    20200404    00000001     UNINITIALIZED
                  20200404    00000001     (.common:gCheckADC)

.stack     0    20207e00    00000200     UNINITIALIZED
                  20207e00    00000004     libc.a : boot_cortex_m.c.obj (.stack)
                  20207e04    000001fc     --HOLE--

__llvm_prf_cnts 
*          0    20200000    00000000     UNINITIALIZED

__llvm_prf_bits 
*          0    20200000    00000000     UNINITIALIZED

MODULE SUMMARY

       Module                         code   ro data   rw data
       ------                         ----   -------   -------
    .\
       empty.o                        496    53        1      
       ti_msp_dl_config.o             364    20        0      
       startup_mspm0g350x_ticlang.o   6      192       0      
    +--+------------------------------+------+---------+---------+
       Total:                         866    265       1      
                                                              
    D:/TI/M0_SDK/mspm0_sdk_2_01_00_03/source/ti/driverlib/lib/ticlang/m0p/mspm0g1x0x_g3x0x/driverlib.a
       dl_uart.o                      90     0         0      
       dl_adc12.o                     64     0         0      
       dl_common.o                    10     0         0      
    +--+------------------------------+------+---------+---------+
       Total:                         164    0         0      
                                                              
    D:\TI\CCS\ccs\tools\compiler\ti-cgt-armllvm_3.2.2.LTS\lib\armv6m-ti-none-eabi/c/libc.a
       _printfi.c.obj                 4558   34        0      
       aeabi_ctype.S.obj              0      257       0      
       s_scalbn.c.obj                 216    0         0      
       memcpy16.S.obj                 154    0         0      
       copy_decompress_lzss.c.obj     120    0         0      
       memset16.S.obj                 98     0         0      
       s_frexp.c.obj                  92     0         0      
       sprintf.c.obj                  90     0         0      
       _ltoa.c.obj                    88     0         0      
       atoi.c.obj                     64     0         0      
       autoinit.c.obj                 60     0         0      
       boot_cortex_m.c.obj            40     0         0      
       memccpy.c.obj                  34     0         0      
       copy_zero_init.c.obj           22     0         0      
       copy_decompress_none.c.obj     18     0         0      
       wcslen.c.obj                   16     0         0      
       aeabi_portable.c.obj           8      0         4      
       exit.c.obj                     4      0         0      
       pre_init.c.obj                 4      0         0      
    +--+------------------------------+------+---------+---------+
       Total:                         5686   291       4      
                                                              
    D:\TI\CCS\ccs\tools\compiler\ti-cgt-armllvm_3.2.2.LTS\lib\clang/15.0.7/lib/armv6m-ti-none-eabi/libclang_rt.builtins.a
       adddf3.S.obj                   418    0         0      
       divdf3.S.obj                   268    0         0      
       muldf3.S.obj                   228    0         0      
       comparedf2.c.obj               220    0         0      
       udivmoddi4.S.obj               162    0         0      
       truncdfsf2.S.obj               116    0         0      
       aeabi_dcmp.S.obj               98     0         0      
       aeabi_idivmod.S.obj            86     0         0      
       fixdfsi.S.obj                  74     0         0      
       aeabi_uidivmod.S.obj           64     0         0      
       extendsfdf2.S.obj              64     0         0      
       muldsi3.S.obj                  58     0         0      
       floatsidf.S.obj                44     0         0      
       floatunsidf.S.obj              36     0         0      
       muldi3.S.obj                   36     0         0      
       ashldi3.S.obj                  30     0         0      
       aeabi_memset.S.obj             26     0         0      
       aeabi_uldivmod.S.obj           20     0         0      
       aeabi_memcpy.S.obj             8      0         0      
       aeabi_div0.c.obj               4      0         0      
    +--+------------------------------+------+---------+---------+
       Total:                         2060   0         0      
                                                              
       Heap:                          0      0         1024   
       Stack:                         0      0         512    
       Linker Generated:              0      43        0      
    +--+------------------------------+------+---------+---------+
       Grand Total:                   8776   599       1541   


LINKER GENERATED COPY TABLES

__TI_cinit_table @ 0000249c records: 2, size/record: 8, table size: 16
	.bss: load addr=0000248c, load size=00000008 bytes, run addr=20200404, run size=00000001 bytes, compression=zero_init
	.data: load addr=00002494, load size=00000007 bytes, run addr=20200400, run size=00000004 bytes, compression=lzss


LINKER GENERATED HANDLER TABLE

__TI_handler_table @ 00002480 records: 3, size/record: 4, table size: 12
	index: 0, handler: __TI_decompress_lzss
	index: 1, handler: __TI_decompress_none
	index: 2, handler: __TI_zero_init


FAR CALL TRAMPOLINES

callee name               trampoline name
   callee addr  tramp addr   call addr  call info
--------------  -----------  ---------  ----------------
__aeabi_dsub              $Tramp$TT$L$PI$$__aeabi_dsub
   00001091     000022d4     000022d2   libc.a : _printfi.c.obj (.text.OUTLINED_FUNCTION_0)

[1 trampolines]
[1 trampoline calls]


GLOBAL SYMBOLS: SORTED ALPHABETICALLY BY Name 

address   name                          
-------   ----                          
000021c5  ADC0_IRQHandler               
00001223  ADC1_IRQHandler               
00001223  AES_IRQHandler                
0000230c  C$$EXIT                       
00001223  CANFD0_IRQHandler             
00001223  DAC0_IRQHandler               
00001e85  DL_ADC12_setClockConfig       
000022c1  DL_Common_delayCycles         
00001e3d  DL_UART_init                  
00002265  DL_UART_setClockConfig        
00001223  DMA_IRQHandler                
00001223  Default_Handler               
00001223  GROUP0_IRQHandler             
00001223  GROUP1_IRQHandler             
00001223  HardFault_Handler             
00001223  I2C0_IRQHandler               
00001223  I2C1_IRQHandler               
00001223  NMI_Handler                   
00001223  PendSV_Handler                
00001223  RTC_IRQHandler                
00002309  Reset_Handler                 
00001223  SPI0_IRQHandler               
00001223  SPI1_IRQHandler               
00001223  SVC_Handler                   
00001b7d  SYSCFG_DL_ADC_VOLTAGE_init    
00002229  SYSCFG_DL_GPIO_init           
00001ec5  SYSCFG_DL_SYSCTL_init         
00001bdd  SYSCFG_DL_UART_0_init         
000021e1  SYSCFG_DL_init                
00001f05  SYSCFG_DL_initPower           
00001223  SysTick_Handler               
00001223  TIMA0_IRQHandler              
00001223  TIMA1_IRQHandler              
00001223  TIMG0_IRQHandler              
00001223  TIMG12_IRQHandler             
00001223  TIMG6_IRQHandler              
00001223  TIMG7_IRQHandler              
00001223  TIMG8_IRQHandler              
00001223  UART0_IRQHandler              
00001223  UART1_IRQHandler              
00001223  UART2_IRQHandler              
00001223  UART3_IRQHandler              
20208000  __STACK_END                   
00000200  __STACK_SIZE                  
00000400  __SYSMEM_SIZE                 
00000000  __TI_ATRegion0_region_sz      
00000000  __TI_ATRegion0_src_addr       
00000000  __TI_ATRegion0_trg_addr       
00000000  __TI_ATRegion1_region_sz      
00000000  __TI_ATRegion1_src_addr       
00000000  __TI_ATRegion1_trg_addr       
00000000  __TI_ATRegion2_region_sz      
00000000  __TI_ATRegion2_src_addr       
00000000  __TI_ATRegion2_trg_addr       
0000249c  __TI_CINIT_Base               
000024ac  __TI_CINIT_Limit              
000024ac  __TI_CINIT_Warm               
00002480  __TI_Handler_Table_Base       
0000248c  __TI_Handler_Table_Limit      
00002005  __TI_auto_init_nobinit_nopinit
00001885  __TI_decompress_lzss          
00002277  __TI_decompress_none          
00001c99  __TI_ltoa                     
ffffffff  __TI_pprof_out_hndl           
000000c1  __TI_printfi                  
ffffffff  __TI_prof_data_size           
ffffffff  __TI_prof_data_start          
00000000  __TI_static_base__            
00002211  __TI_zero_init_nomemset       
0000109b  __adddf3                      
00002310  __aeabi_ctype_table_          
00002310  __aeabi_ctype_table_C         
00001901  __aeabi_d2f                   
00001df1  __aeabi_d2iz                  
0000109b  __aeabi_dadd                  
00001ab9  __aeabi_dcmpeq                
00001af5  __aeabi_dcmpge                
00001b09  __aeabi_dcmpgt                
00001ae1  __aeabi_dcmple                
00001acd  __aeabi_dcmplt                
00001481  __aeabi_ddiv                  
0000158d  __aeabi_dmul                  
00001091  __aeabi_dsub                  
20200400  __aeabi_errno                 
000022f9  __aeabi_errno_addr            
00001f85  __aeabi_f2d                   
000020e5  __aeabi_i2d                   
00001d49  __aeabi_idiv                  
00001ab7  __aeabi_idiv0                 
00001d49  __aeabi_idivmod               
00001e3b  __aeabi_ldiv0                 
000021a5  __aeabi_llsl                  
0000215d  __aeabi_lmul                  
000022b5  __aeabi_memclr                
000022b5  __aeabi_memclr4               
000022b5  __aeabi_memclr8               
00002301  __aeabi_memcpy                
00002301  __aeabi_memcpy4               
00002301  __aeabi_memcpy8               
00002299  __aeabi_memset                
00002299  __aeabi_memset4               
00002299  __aeabi_memset8               
00002139  __aeabi_ui2d                  
00001f45  __aeabi_uidiv                 
00001f45  __aeabi_uidivmod              
0000223d  __aeabi_uldivmod              
000021a5  __ashldi3                     
ffffffff  __binit__                     
000019e5  __cmpdf2                      
00001481  __divdf3                      
000019e5  __eqdf2                       
00001f85  __extendsfdf2                 
00001df1  __fixdfsi                     
000020e5  __floatsidf                   
00002139  __floatunsidf                 
00001975  __gedf2                       
00001975  __gtdf2                       
000019e5  __ledf2                       
000019e5  __ltdf2                       
UNDEFED   __mpu_init                    
0000158d  __muldf3                      
0000215d  __muldi3                      
00002041  __muldsi3                     
000019e5  __nedf2                       
20207e00  __stack                       
20200000  __start___llvm_prf_bits       
20200000  __start___llvm_prf_cnts       
20200000  __stop___llvm_prf_bits        
20200000  __stop___llvm_prf_cnts        
00001091  __subdf3                      
00001901  __truncdfsf2                  
00001749  __udivmoddi4                  
00002111  _c_int00_noargs               
20200000  _sys_memory                   
UNDEFED   _system_post_cinit            
000018fd  _system_pre_init              
0000230d  abort                         
00001fc5  atoi                          
ffffffff  binit                         
00001c3d  frexp                         
00001c3d  frexpl                        
20200404  gCheckADC                     
00000000  interruptVectors              
00001671  ldexp                         
00001671  ldexpl                        
00000ebd  main                          
00002181  memccpy                       
000017eb  memcpy                        
00001b1b  memset                        
00001671  scalbn                        
00001671  scalbnl                       
0000207d  sprintf                       
00002289  wcslen                        


GLOBAL SYMBOLS: SORTED BY Symbol Address 

address   name                          
-------   ----                          
00000000  __TI_ATRegion0_region_sz      
00000000  __TI_ATRegion0_src_addr       
00000000  __TI_ATRegion0_trg_addr       
00000000  __TI_ATRegion1_region_sz      
00000000  __TI_ATRegion1_src_addr       
00000000  __TI_ATRegion1_trg_addr       
00000000  __TI_ATRegion2_region_sz      
00000000  __TI_ATRegion2_src_addr       
00000000  __TI_ATRegion2_trg_addr       
00000000  __TI_static_base__            
00000000  interruptVectors              
000000c1  __TI_printfi                  
00000200  __STACK_SIZE                  
00000400  __SYSMEM_SIZE                 
00000ebd  main                          
00001091  __aeabi_dsub                  
00001091  __subdf3                      
0000109b  __adddf3                      
0000109b  __aeabi_dadd                  
00001223  ADC1_IRQHandler               
00001223  AES_IRQHandler                
00001223  CANFD0_IRQHandler             
00001223  DAC0_IRQHandler               
00001223  DMA_IRQHandler                
00001223  Default_Handler               
00001223  GROUP0_IRQHandler             
00001223  GROUP1_IRQHandler             
00001223  HardFault_Handler             
00001223  I2C0_IRQHandler               
00001223  I2C1_IRQHandler               
00001223  NMI_Handler                   
00001223  PendSV_Handler                
00001223  RTC_IRQHandler                
00001223  SPI0_IRQHandler               
00001223  SPI1_IRQHandler               
00001223  SVC_Handler                   
00001223  SysTick_Handler               
00001223  TIMA0_IRQHandler              
00001223  TIMA1_IRQHandler              
00001223  TIMG0_IRQHandler              
00001223  TIMG12_IRQHandler             
00001223  TIMG6_IRQHandler              
00001223  TIMG7_IRQHandler              
00001223  TIMG8_IRQHandler              
00001223  UART0_IRQHandler              
00001223  UART1_IRQHandler              
00001223  UART2_IRQHandler              
00001223  UART3_IRQHandler              
00001481  __aeabi_ddiv                  
00001481  __divdf3                      
0000158d  __aeabi_dmul                  
0000158d  __muldf3                      
00001671  ldexp                         
00001671  ldexpl                        
00001671  scalbn                        
00001671  scalbnl                       
00001749  __udivmoddi4                  
000017eb  memcpy                        
00001885  __TI_decompress_lzss          
000018fd  _system_pre_init              
00001901  __aeabi_d2f                   
00001901  __truncdfsf2                  
00001975  __gedf2                       
00001975  __gtdf2                       
000019e5  __cmpdf2                      
000019e5  __eqdf2                       
000019e5  __ledf2                       
000019e5  __ltdf2                       
000019e5  __nedf2                       
00001ab7  __aeabi_idiv0                 
00001ab9  __aeabi_dcmpeq                
00001acd  __aeabi_dcmplt                
00001ae1  __aeabi_dcmple                
00001af5  __aeabi_dcmpge                
00001b09  __aeabi_dcmpgt                
00001b1b  memset                        
00001b7d  SYSCFG_DL_ADC_VOLTAGE_init    
00001bdd  SYSCFG_DL_UART_0_init         
00001c3d  frexp                         
00001c3d  frexpl                        
00001c99  __TI_ltoa                     
00001d49  __aeabi_idiv                  
00001d49  __aeabi_idivmod               
00001df1  __aeabi_d2iz                  
00001df1  __fixdfsi                     
00001e3b  __aeabi_ldiv0                 
00001e3d  DL_UART_init                  
00001e85  DL_ADC12_setClockConfig       
00001ec5  SYSCFG_DL_SYSCTL_init         
00001f05  SYSCFG_DL_initPower           
00001f45  __aeabi_uidiv                 
00001f45  __aeabi_uidivmod              
00001f85  __aeabi_f2d                   
00001f85  __extendsfdf2                 
00001fc5  atoi                          
00002005  __TI_auto_init_nobinit_nopinit
00002041  __muldsi3                     
0000207d  sprintf                       
000020e5  __aeabi_i2d                   
000020e5  __floatsidf                   
00002111  _c_int00_noargs               
00002139  __aeabi_ui2d                  
00002139  __floatunsidf                 
0000215d  __aeabi_lmul                  
0000215d  __muldi3                      
00002181  memccpy                       
000021a5  __aeabi_llsl                  
000021a5  __ashldi3                     
000021c5  ADC0_IRQHandler               
000021e1  SYSCFG_DL_init                
00002211  __TI_zero_init_nomemset       
00002229  SYSCFG_DL_GPIO_init           
0000223d  __aeabi_uldivmod              
00002265  DL_UART_setClockConfig        
00002277  __TI_decompress_none          
00002289  wcslen                        
00002299  __aeabi_memset                
00002299  __aeabi_memset4               
00002299  __aeabi_memset8               
000022b5  __aeabi_memclr                
000022b5  __aeabi_memclr4               
000022b5  __aeabi_memclr8               
000022c1  DL_Common_delayCycles         
000022f9  __aeabi_errno_addr            
00002301  __aeabi_memcpy                
00002301  __aeabi_memcpy4               
00002301  __aeabi_memcpy8               
00002309  Reset_Handler                 
0000230c  C$$EXIT                       
0000230d  abort                         
00002310  __aeabi_ctype_table_          
00002310  __aeabi_ctype_table_C         
00002480  __TI_Handler_Table_Base       
0000248c  __TI_Handler_Table_Limit      
0000249c  __TI_CINIT_Base               
000024ac  __TI_CINIT_Limit              
000024ac  __TI_CINIT_Warm               
20200000  __start___llvm_prf_bits       
20200000  __start___llvm_prf_cnts       
20200000  __stop___llvm_prf_bits        
20200000  __stop___llvm_prf_cnts        
20200000  _sys_memory                   
20200400  __aeabi_errno                 
20200404  gCheckADC                     
20207e00  __stack                       
20208000  __STACK_END                   
ffffffff  __TI_pprof_out_hndl           
ffffffff  __TI_prof_data_size           
ffffffff  __TI_prof_data_start          
ffffffff  __binit__                     
ffffffff  binit                         
UNDEFED   __mpu_init                    
UNDEFED   _system_post_cinit            

[153 symbols]
